[backblue.gif]
[fade.gif]
[index.html]
[conf.agile-france.org/xmlrpc.php]
[conf.agile-france.org/wp-content/themes/twentyeleven-agilefrance/images/favicon.png]
[apis.google.com/js/plusone.js]
[conf.agile-france.org/wp-includes/js/jquery/jquery4735.js]
[conf.agile-france.org/wp-content/themes/twentyeleven/js/showcasee92a.js]
[conf.agile-france.org/indexd784.html]
[conf.agile-france.org/indexa6da.html]
[conf.agile-france.org/indexeb40.html]
[conf.agile-france.org/wp-includes/js/comment-replya6d7.js]
[conf.agile-france.org/xmlrpc0db0.php]
[conf.agile-france.org/wp-includes/wlwmanifest.xml]
[conf.agile-france.org/wp-content/themes/twentyeleven-agilefrance/images/headers/teamwork.jpg]
[platform.twitter.com/widgets.js]
[conf.agile-france.org/wp-content/uploads/2012/03/soatAgile-blanc-150.png]
[conf.agile-france.org/wp-content/uploads/2012/03/soatAgile-noirblanc-150.png]
[conf.agile-france.org/index.html]
[conf.agile-france.org/wp-content/themes/twentyeleven-agilefrance/images/AgileFranceConference2012-logo.png]
[conf.agile-france.org/wp-content/themes/twentyeleven-agilefrance/style.css]
[conf.agile-france.org/wp-content/uploads/2012/02/2012-02-13-Sponsors.pdf]
[conf.agile-france.org/wp-content/uploads/2012/01/sponsoring-preview.png]
[conf.agile-france.org/indexcbc0.html]
[conf.agile-france.org/wp-content/uploads/2012/02/Programme_Court_A4_2011.pdf]
[conf.agile-france.org/wp-content/uploads/2012/02/Programme_Court_A4_2011.png]
[conf.agile-france.org/wp-content/uploads/2012/02/programme_detaille_2011.pdf]
[conf.agile-france.org/wp-content/uploads/2012/02/programme_detaille_2011.png]
[conf.agile-france.org/indexafff.html]
[conf.agile-france.org/wp-content/uploads/2012/02/agile-france-2010-programme-court.pdf]
[conf.agile-france.org/index7791.html]
[conf.agile-france.org/wp-content/uploads/2012/02/53ffe6972c13b7c502361839861a55c9.png]
[conf.agile-france.org/wp-content/uploads/2012/02/agile-france-2010-programme-long.pdf]
[conf.agile-france.org/wp-content/uploads/2012/02/37b4b266c7b13780f158bfc838e20ff9.png]
[conf.agile-france.org/wp-content/uploads/2012/02/fonctions.png]
[conf.agile-france.org/wp-content/uploads/2012/02/fonctions-300x185.png]
[conf.agile-france.org/wp-content/uploads/2012/02/métiers.png]
[conf.agile-france.org/wp-content/uploads/2012/02/métiers-300x185.png]
[conf.agile-france.org/index2f07.html]
[conf.agile-france.org/wp-content/uploads/2012/04/Planning-Agile-France-2012.pdf]
[conf.agile-france.org/indexe056.html]
[conf.agile-france.org/wp-content/uploads/2012/04/Planning-Agile-France-2012-thumbnail.png]
[conf.agile-france.org/wp-content/uploads/2012/04/Planning-Agile-France-2012-Draft-5.pdf]
[conf.agile-france.org/wp-includes/images/crystal/document.png]
[conf.agile-france.org/wp-content/uploads/2012/04/Planning-Agile-France-2012-Draft-4.pdf]
[conf.agile-france.org/wp-content/uploads/2012/04/Planning-Agile-France-2012-Draft-3.pdf]
[conf.agile-france.org/wp-content/uploads/2012/04/Planning-Agile-France-2012-Draft-2.pdf]
[conf.agile-france.org/wp-content/uploads/2012/04/Planning-Agile-France-2012-draft-1.pdf]
[conf.agile-france.org/indexe49b.html]
[conf.agile-france.org/wp-content/uploads/2012/04/Alexandre-Boutin.jpeg]
[conf.agile-france.org/wp-content/uploads/2012/05/laurent-bossavit.jpg]
[conf.agile-france.org/index7579.html]
[conf.agile-france.org/index67b5.html]
[conf.agile-france.org/wp-content/uploads/2012/03/emmanuel_jonathan-150x150.jpg]
[conf.agile-france.org/wp-content/uploads/2012/03/pierre-yves-jair.jpg]
[conf.agile-france.org/indexdcfe.html]
[conf.agile-france.org/wp-content/uploads/2012/04/damien-thouvenin.jpg]
[conf.agile-france.org/wp-content/uploads/2012/04/thomas-lissajoux.jpg]
[conf.agile-france.org/wp-content/uploads/2012/04/guillaume-duquesnay.jpg]
[conf.agile-france.org/wp-content/uploads/2012/03/francois-wauquier.jpg]
[conf.agile-france.org/wp-content/uploads/2012/03/olivier-inizan.jpg]
[conf.agile-france.org/wp-content/uploads/2012/03/sophie-laure-pilverdier-150x150.jpg]
[conf.agile-france.org/wp-content/uploads/2012/03/etienne-charignon.jpg]
[conf.agile-france.org/wp-content/uploads/2012/04/gabriel-le-van.jpg]
[conf.agile-france.org/wp-content/uploads/2012/03/axel-villechalane.jpg]
[conf.agile-france.org/wp-content/uploads/2012/03/dominique-de-premorel.32.delayed]
[conf.agile-france.org/wp-content/uploads/2012/04/pascal-van-cauwenberghe.png]
[conf.agile-france.org/wp-content/uploads/2012/03/thomas-bonset.png]
[conf.agile-france.org/wp-content/uploads/2012/02/hicham-ait-baslam-150x150.jpg]
[conf.agile-france.org/wp-content/uploads/2012/04/celine-stauder-150x150.jpg]
[conf.agile-france.org/wp-content/uploads/2012/03/dorothee-le-seach.jpeg]
[conf.agile-france.org/wp-content/uploads/2012/04/laurence-hanot-150x150.jpg]
[conf.agile-france.org/wp-content/uploads/2012/03/pierre-yves-hemery.jpg]
[conf.agile-france.org/wp-content/uploads/2012/04/jonathan-scher.jpg]
[conf.agile-france.org/wp-content/uploads/2012/03/christophe-keromen.png]
[conf.agile-france.org/wp-content/uploads/2012/04/julien-rayneau.jpg]
[conf.agile-france.org/wp-content/uploads/2012/04/jean-françois-helie.jpg]
[conf.agile-france.org/wp-content/uploads/2012/02/bertrand-dour.jpg]
[conf.agile-france.org/wp-content/uploads/2012/03/emmanuel-hugonnet.jpg]
[conf.agile-france.org/wp-content/uploads/2012/03/luc-mazardo.png]
[conf.agile-france.org/wp-content/uploads/2012/03/sebastien-delest-150x150.png]
[conf.agile-france.org/wp-content/uploads/2012/03/caroline-damour-nobi.jpg]
[conf.agile-france.org/wp-content/uploads/2012/04/DSC01382r-150x150.jpg]
[conf.agile-france.org/wp-content/uploads/2012/04/gilles-mantel.jpg]
[conf.agile-france.org/wp-content/uploads/2012/04/nathaniel-richand.jpg]
[conf.agile-france.org/wp-content/uploads/2012/03/jean-claude-grosjean.jpeg]
[conf.agile-france.org/wp-content/uploads/2012/02/laurent-morisseau-150x150.jpg]
[conf.agile-france.org/wp-content/uploads/2012/03/jean-laurent-de-morlhon.jpg]
[conf.agile-france.org/wp-content/uploads/2012/03/gery-derbier.jpg]
[conf.agile-france.org/wp-content/uploads/2012/04/regis-medina.jpg]
[conf.agile-france.org/wp-content/uploads/2012/03/aurelien-morvant.jpg]
[conf.agile-france.org/wp-content/uploads/2012/02/aline-paponaud.jpg]
[conf.agile-france.org/wp-content/uploads/2012/03/thierry-montule.jpg]
[conf.agile-france.org/wp-content/uploads/2012/03/jerome-avoustin.jpg]
[conf.agile-france.org/wp-content/uploads/2012/03/emilie-franchomme.jpg]
[conf.agile-france.org/wp-content/uploads/2012/04/benoit-bourdon.jpg]
[conf.agile-france.org/wp-content/uploads/2012/04/raphael-pierquin.jpg]
[conf.agile-france.org/wp-content/uploads/2012/03/olivier-le-lan.jpg]
[conf.agile-france.org/wp-content/uploads/2012/03/Florence-Chabanois-150x150.jpg]
[conf.agile-france.org/wp-content/uploads/2012/03/laurent-sarrazin.jpg]
[conf.agile-france.org/wp-content/uploads/2012/03/Jean-Charles-Meyrignac-150x150.jpg]
[conf.agile-france.org/wp-content/uploads/2012/03/sat-philora.png]
[conf.agile-france.org/wp-content/uploads/2012/03/antoine-berthelin.jpg]
[conf.agile-france.org/wp-content/uploads/2012/03/mathieu-despriee.jpg]
[conf.agile-france.org/wp-content/uploads/2012/03/antoine-contal.jpg]
[conf.agile-france.org/wp-content/uploads/2012/04/sandrine-olivencia.png]
[conf.agile-france.org/wp-content/uploads/2012/03/guillaume-leborgne.jpg]
[widgets.twimg.com/j/2/widget.js]
[conf.agile-france.org/index65f9.html]
[conf.agile-france.org/wp-content/uploads/2012/03/eric-bezancon-150x150.jpg]
[conf.agile-france.org/wp-content/uploads/2012/03/bernard-marie-chiquet.jpg]
[conf.agile-france.org/indexbdf7.html]
[conf.agile-france.org/wp-content/uploads/2012/03/nicolas-jozwiak.jpeg]
[conf.agile-france.org/wp-content/uploads/2012/03/Alexis-Monville-150x150.png]
[conf.agile-france.org/wp-content/uploads/2012/03/guillaume-saint-etienne.jpg]
[conf.agile-france.org/wp-content/uploads/2012/03/remy-christophe-schermesser.jpg]
[conf.agile-france.org/wp-content/uploads/2012/04/NRI-Identite-150x150.jpg]
[conf.agile-france.org/wp-content/uploads/2012/03/Michel-Baldellon-150x150.jpg]
[conf.agile-france.org/wp-content/uploads/2012/03/michel-lejeune.jpg]
[conf.agile-france.org/wp-content/uploads/2012/02/christophe-thibaut.jpg]
[conf.agile-france.org/wp-content/uploads/2012/04/jonathan-peret.jpg]
[conf.agile-france.org/wp-content/uploads/2012/03/thierry-leriche-dessirier.jpg]
[conf.agile-france.org/wp-content/uploads/2012/03/photo-150x150.jpg]
[conf.agile-france.org/wp-content/uploads/2012/02/domenico-musto.jpg]
[conf.agile-france.org/wp-content/uploads/2012/02/mathieu-gandin.jpg]
[conf.agile-france.org/wp-content/uploads/2012/04/jean-francois-jagodzinski.jpg]
[conf.agile-france.org/index30d3.html]
[conf.agile-france.org/wp-content/uploads/2012/03/LEGO_store_in_Glendale_Galleria.jpg]
[conf.agile-france.org/wp-content/uploads/2012/03/Creation-des-cartes-de-sessions.jpg]
[conf.agile-france.org/wp-content/uploads/2012/03/Priorisation-des-sessions.jpg]
[conf.agile-france.org/wp-content/uploads/2012/03/Sauvegarde-du-programme.jpg]
[conf.agile-france.org/index9008.html]
[conf.agile-france.org/wp-content/uploads/2012/03/soatAgile-blanc1-300x215.png]
[conf.agile-france.org/wp-content/uploads/2012/03/orange-business-services.jpg]
[conf.agile-france.org/indexb300.html]
[conf.agile-france.org/indexfecb.html]
[conf.agile-france.org/wp-content/uploads/2012/03/AgileFrance2012 - Présentation.odp]
[conf.agile-france.org/wp-content/uploads/2012/03/icon-odp.png]
[conf.agile-france.org/index9f18.html]
[conf.agile-france.org/index147e.html]
[conf.agile-france.org/wp-content/uploads/2012/03/icon-key-ppt.png]
[conf.agile-france.org/wp-content/uploads/2012/03/AgileFrance2012 - Présentation.ppt]
[conf.agile-france.org/wp-content/uploads/2012/03/AgileFrance2012 - Présentation.pptx]
[conf.agile-france.org/wp-content/uploads/2012/03/icon-pptx.png]
[conf.agile-france.org/wp-content/uploads/2012/03/AgileFrance2012-Presentation.key]
[conf.agile-france.org/index3f99.html]
[conf.agile-france.org/index86af.html]
[conf.agile-france.org/index5e04.html]
[conf.agile-france.org/wp-content/uploads/2012/03/yannick-ameur.jpg]
[conf.agile-france.org/indexfad4.html]
[conf.agile-france.org/wp-content/uploads/2012/03/thibault-bouchette.jpg]
[conf.agile-france.org/wp-content/uploads/2012/03/cyrille-deruel.jpg]
[conf.agile-france.org/wp-content/uploads/2012/03/thierry-henrio.jpg]
[conf.agile-france.org/wp-content/uploads/2012/03/eric-le-merdy.jpg]
[conf.agile-france.org/wp-content/uploads/2012/03/Frederic-Merizen.jpg]
[conf.agile-france.org/wp-content/uploads/2012/03/jonathan-scher.jpg]
[conf.agile-france.org/index89ca.html]
[conf.agile-france.org/wp-content/uploads/2012/03/logo.png]
[conf.agile-france.org/index427d.html]
[conf.agile-france.org/wp-content/uploads/2012/05/flyer-agile-france.pdf]
[conf.agile-france.org/wp-content/uploads/2012/03/mini-flyer-agile-france.png]
[conf.agile-france.org/wp-content/uploads/2012/03/AgileFranceConference-logo-fan.png]
[conf.agile-france.org/wp-content/uploads/2012/03/AgileFranceConference-logo-inscrit.png]
[conf.agile-france.org/wp-content/uploads/2012/03/AgileFranceConference-logo-orateur.png]
[conf.agile-france.org/wp-content/uploads/2012/03/AgileFranceConference-logo-speaker.png]
[conf.agile-france.org/wp-content/uploads/2012/03/AgileFranceConference-logo-sponsor.png]
[conf.agile-france.org/index0453.html]
[conf.agile-france.org/indexc2f1.html]
[conf.agile-france.org/index0755.html]
[conf.agile-france.org/wp-content/uploads/2012/02/nicolas-martignole.jpg]
[conf.agile-france.org/index5d25.html]
[conf.agile-france.org/wp-content/uploads/2012/02/WAUQUIER_Francois.jpg]
[conf.agile-france.org/wp-content/uploads/2012/02/Romain_Couturier.jpg]
[conf.agile-france.org/indexa8b6.html]
[conf.agile-france.org/wp-content/uploads/2012/02/agile-innovation-2012.gif]
[conf.agile-france.org/wp-content/uploads/2012/02/Scrum-day-logo.png]
[conf.agile-france.org/index226f.html]
[conf.agile-france.org/index1dd2.html]
[conf.agile-france.org/index856f.html]
[conf.agile-france.org/index29be.html]
[conf.agile-france.org/indexb31a.html]
[conf.agile-france.org/index625e.html]
[conf.agile-france.org/index40b9.html]
[conf.agile-france.org/wp-content/uploads/2012/05/developer-1000x288.jpg]
[conf.agile-france.org/index7e31.html]
[conf.agile-france.org/indexdf27.html]
[conf.agile-france.org/index3489.html]
[conf.agile-france.org/indexc5f9.html]
[conf.agile-france.org/indexf9ae.html]
[conf.agile-france.org/index291b.html]
[conf.agile-france.org/indexf294.html]
[conf.agile-france.org/index0ea6.html]
[conf.agile-france.org/wp-content/themes/twentyeleven/style.css]
[conf.agile-france.org/wp-content/uploads/2012/02/add-session-01-register.png]
[conf.agile-france.org/index37ad.html]
[conf.agile-france.org/wp-content/uploads/2012/02/add-session-02-login.png]
[conf.agile-france.org/indexd046.html]
[conf.agile-france.org/wp-content/uploads/2012/02/add-session-03-sessions.png]
[conf.agile-france.org/wp-content/uploads/2012/02/add-session-04-add.png]
[conf.agile-france.org/wp-content/uploads/2012/02/add-session-05-published.png]
[conf.agile-france.org/wp-content/uploads/2012/02/set-as-featured-image.jpg]
[conf.agile-france.org/wp-content/uploads/2012/02/upload-your-photo1.jpg]
[conf.agile-france.org/wp-content/uploads/2012/02/use-as-featured-image.jpg]
[conf.agile-france.org/indexfff9.html]
[conf.agile-france.org/wp-content/uploads/2012/02/agile-france-2010-programme-court.pdf]
[conf.agile-france.org/index4655.html]
[conf.agile-france.org/index5a3b.html]
[conf.agile-france.org/index5074.html]
[conf.agile-france.org/indexe92b.html]
[conf.agile-france.org/index9dbe.html]
[conf.agile-france.org/index2432.html]
[conf.agile-france.org/index7686.html]
[conf.agile-france.org/indexf808.html]
[conf.agile-france.org/index4f63.html]
[conf.agile-france.org/index9348.html]
[conf.agile-france.org/index580e.html]
[conf.agile-france.org/index46d1.html]
[conf.agile-france.org/indexe894.html]
[conf.agile-france.org/index64ab.html]
[conf.agile-france.org/index06de.html]
[conf.agile-france.org/index0332.html]
[conf.agile-france.org/indexbf0d.html]
[conf.agile-france.org/index835c.html]
[conf.agile-france.org/indexfb42.html]
[conf.agile-france.org/index1e14.html]
[conf.agile-france.org/index3444.html]
[conf.agile-france.org/index8bed.html]
[conf.agile-france.org/indexd369.html]
[conf.agile-france.org/index1501.html]
[conf.agile-france.org/index7f9b.html]
[conf.agile-france.org/index2f08.html]
[conf.agile-france.org/indexa451.html]
[conf.agile-france.org/indexef1a.html]
[conf.agile-france.org/index52cc.html]
[conf.agile-france.org/indexbe51.html]
[conf.agile-france.org/index2990.html]
[conf.agile-france.org/indexf111.html]
[conf.agile-france.org/index5b0c.html]
[conf.agile-france.org/indexedcc.html]
[conf.agile-france.org/index9c12.html]
[conf.agile-france.org/index0f71.html]
[conf.agile-france.org/index0ace.html]
[conf.agile-france.org/indexcef4.html]
[conf.agile-france.org/indexa1b3.html]
[conf.agile-france.org/index1a45.html]
[conf.agile-france.org/index26f7.html]
[conf.agile-france.org/index88f5.html]
[conf.agile-france.org/index655b.html]
[conf.agile-france.org/index260f.html]
[conf.agile-france.org/index7a99.html]
[conf.agile-france.org/index76c0.html]
[conf.agile-france.org/indexd558.html]
[conf.agile-france.org/indexf8ff.html]
[conf.agile-france.org/indexdca4.html]
[conf.agile-france.org/index562a.html]
[conf.agile-france.org/indexe07c.html]
[conf.agile-france.org/index28e1.html]
[conf.agile-france.org/index0ff2.html]
[conf.agile-france.org/indexa8bb.html]
[conf.agile-france.org/index059f.html]
[conf.agile-france.org/indexdf83.html]
[conf.agile-france.org/indexd9d5.html]
[conf.agile-france.org/index119a.html]
[conf.agile-france.org/index6e2d.html]
[conf.agile-france.org/index5509.html]
[conf.agile-france.org/indexedd0.html]
[conf.agile-france.org/www.octo.html]
[conf.agile-france.org/index20ef.html]
[conf.agile-france.org/index4ee5.html]
[conf.agile-france.org/index3a8c.html]
[conf.agile-france.org/index7e30.html]
[conf.agile-france.org/indexd4eb.html]
[conf.agile-france.org/indexe054.html]
[conf.agile-france.org/wp-content/uploads/2012/04/DSC01382r-1000x288.jpg]
[conf.agile-france.org/wp-login0ddc.html]
[conf.agile-france.org/wp-login.html]
[conf.agile-france.org/indexe710.html]
[conf.agile-france.org/www.integralgovernance.html]
[conf.agile-france.org/index206a.html]
[conf.agile-france.org/indexa1bb.html]
[conf.agile-france.org/index4ea3.html]
[conf.agile-france.org/index96cf.html]
[conf.agile-france.org/index3687.html]
[conf.agile-france.org/index32c0.html]
[conf.agile-france.org/index45bc.html]
[conf.agile-france.org/indexef06.html]
[conf.agile-france.org/index533d.html]
[conf.agile-france.org/index776d.html]
[conf.agile-france.org/indexf4a8.html]
[conf.agile-france.org/index89f3.html]
[conf.agile-france.org/index4ee5-2.html]
[conf.agile-france.org/indexce76.html]
[conf.agile-france.org/index8c60.html]
[conf.agile-france.org/index66a2.html]
[conf.agile-france.org/index99bb.html]
[conf.agile-france.org/index259b.html]
[conf.agile-france.org/indexf424.html]
[conf.agile-france.org/indexe54a.html]
[conf.agile-france.org/index531b.html]
[conf.agile-france.org/index1ccf.html]
[conf.agile-france.org/index10b6.html]
[conf.agile-france.org/indexd5c2.html]
[conf.agile-france.org/index8273.html]
[conf.agile-france.org/indexbc38.html]
[conf.agile-france.org/indexf387.html]
[conf.agile-france.org/index7ff3.html]
[conf.agile-france.org/index288c.html]
[conf.agile-france.org/index1f8e.html]
[conf.agile-france.org/indexa12c.html]
[conf.agile-france.org/index5e80.html]
[conf.agile-france.org/index888d.html]
[conf.agile-france.org/index3650.html]
[conf.agile-france.org/wp-content/uploads/2012/02/agile-france-2010-programme-court.pdf]
[conf.agile-france.org/wp-admin/images/menud08a.png]
[conf.agile-france.org/wp-admin/images/xit.gif]
[conf.agile-france.org/wp-admin/images/wp-badge5ade.png]
[conf.agile-france.org/wp-admin/css/wp-adminfc45.css]
[conf.agile-france.org/wp-admin/images/menu-bits1a0b.gif]
[conf.agile-france.org/wp-admin/images/menu-bits-rtl1a0b.gif]
[conf.agile-france.org/wp-admin/css/colors-fresh6667.css]
